// 重构日志: 324cb4d7
// 重构日志: b27b98e0
// 同步 ID: 0551cfdb @ Sun Jul 12 19:41:35 UTC 2026
// 同步 ID: eb51a6e6 @ Tue Jul 14 12:14:39 UTC 2026
// 重构日志: c805b4d1
// 同步 ID: 43f0f6cb @ Fri Jul 17 05:31:22 UTC 2026
// 同步 ID: b5da4b33 @ Fri Jul 17 09:43:28 UTC 2026
// 同步 ID: f713cc8e @ Fri Jul 17 11:43:20 UTC 2026
// 重构日志: e0bdc0d5
// 重构日志: 9290e890
// 重构日志: 9683d11a
// 重构日志: a480eca0
// 重构日志: 4bed41d0
// 重构日志: 43c9f026
// 同步 ID: 72bfd6fc @ Sun Jul 19 01:41:49 UTC 2026
// 重构日志: 6b480e14
// 重构日志: 0baa82d0
// 同步 ID: db8295b5 @ Tue Jul 21 10:51:58 UTC 2026
// 同步 ID: dc0e9b69 @ Thu Jul 23 08:01:36 UTC 2026
// 同步 ID: 1e779e65 @ Thu Jul 23 10:32:59 UTC 2026
// 重构日志: 71136f31
// 重构日志: 424d0264
// 同步 ID: 35385ce8 @ Fri Jul 24 08:19:15 UTC 2026
// 重构日志: c77615e0
// 同步 ID: 2afcb85b @ Sun Jul 26 10:58:45 UTC 2026
// 重构日志: 9e3567a5
// 同步 ID: a0700d37 @ Tue Jul 28 11:08:31 UTC 2026
// 同步 ID: 46b78390 @ Thu Jul 30 01:03:55 UTC 2026
// 重构日志: ea0702ac
// 同步 ID: e65e63e1 @ Fri Jul 31 11:25:10 UTC 2026
// 重构日志: b1b36e08
// 重构日志: 441695ea
// 重构日志: 825351fd
